--- Error building math/数学建模/数学建模导论 ---
rendering error: Template render error: (/www/wwwroot/wiki/math/数学建模/数学建模导论/CH4/第4章-复杂网络与图论模型.md) [Line 1129, Column 78]
  expected variable end
    at Object._prettifyError (/www/wwwroot/wiki/node_modules/nunjucks/src/lib.js:32:11)
    at Template.render (/www/wwwroot/wiki/node_modules/nunjucks/src/environment.js:442:21)
    at Environment.renderString (/www/wwwroot/wiki/node_modules/nunjucks/src/environment.js:313:17)
    at Promise.apply (/www/wwwroot/wiki/node_modules/q/q.js:1185:26)
    at Promise.promise.promiseDispatch (/www/wwwroot/wiki/node_modules/q/q.js:808:41)
    at /www/wwwroot/wiki/node_modules/q/q.js:1411:14
    at runSingle (/www/wwwroot/wiki/node_modules/q/q.js:137:13)
    at flush (/www/wwwroot/wiki/node_modules/q/q.js:125:13)
    at process.processTicksAndRejections (node:internal/process/task_queues:77:11)
rendering error: Template render error: (/www/wwwroot/wiki/math/数学建模/数学建模导论/CH6/第六章-数据处理与拟合模型.md) [Line 162, Column 29]
  expected variable end
    at Object._prettifyError (/www/wwwroot/wiki/node_modules/nunjucks/src/lib.js:32:11)
    at Template.render (/www/wwwroot/wiki/node_modules/nunjucks/src/environment.js:442:21)
    at Environment.renderString (/www/wwwroot/wiki/node_modules/nunjucks/src/environment.js:313:17)
    at Promise.apply (/www/wwwroot/wiki/node_modules/q/q.js:1185:26)
    at Promise.promise.promiseDispatch (/www/wwwroot/wiki/node_modules/q/q.js:808:41)
    at /www/wwwroot/wiki/node_modules/q/q.js:1411:14
    at runSingle (/www/wwwroot/wiki/node_modules/q/q.js:137:13)
    at flush (/www/wwwroot/wiki/node_modules/q/q.js:125:13)
    at process.processTicksAndRejections (node:internal/process/task_queues:77:11)
rendering error: Template render error: (/www/wwwroot/wiki/math/数学建模/数学建模导论/CH7/第7章-权重生成与评价模型.md) [Line 51, Column 12]
  unexpected token: }}
    at Object._prettifyError (/www/wwwroot/wiki/node_modules/nunjucks/src/lib.js:32:11)
    at Template.render (/www/wwwroot/wiki/node_modules/nunjucks/src/environment.js:442:21)
    at Environment.renderString (/www/wwwroot/wiki/node_modules/nunjucks/src/environment.js:313:17)
    at Promise.apply (/www/wwwroot/wiki/node_modules/q/q.js:1185:26)
    at Promise.promise.promiseDispatch (/www/wwwroot/wiki/node_modules/q/q.js:808:41)
    at /www/wwwroot/wiki/node_modules/q/q.js:1411:14
    at runSingle (/www/wwwroot/wiki/node_modules/q/q.js:137:13)
    at flush (/www/wwwroot/wiki/node_modules/q/q.js:125:13)
    at process.processTicksAndRejections (node:internal/process/task_queues:77:11)
rendering error: Template render error: (/www/wwwroot/wiki/math/数学建模/数学建模导论/CH8/第8章-时间序列.md) [Line 117, Column 12]
  unexpected token: }}
    at Object._prettifyError (/www/wwwroot/wiki/node_modules/nunjucks/src/lib.js:32:11)
    at Template.render (/www/wwwroot/wiki/node_modules/nunjucks/src/environment.js:442:21)
    at Environment.renderString (/www/wwwroot/wiki/node_modules/nunjucks/src/environment.js:313:17)
    at Promise.apply (/www/wwwroot/wiki/node_modules/q/q.js:1185:26)
    at Promise.promise.promiseDispatch (/www/wwwroot/wiki/node_modules/q/q.js:808:41)
    at /www/wwwroot/wiki/node_modules/q/q.js:1411:14
    at runSingle (/www/wwwroot/wiki/node_modules/q/q.js:137:13)
    at flush (/www/wwwroot/wiki/node_modules/q/q.js:125:13)
    at process.processTicksAndRejections (node:internal/process/task_queues:77:11)
rendering error: Template render error: (/www/wwwroot/wiki/math/数学建模/数学建模导论/CH9/第九章-机器学习与统计模型.md) [Line 22, Column 5]
  expected variable end
    at Object._prettifyError (/www/wwwroot/wiki/node_modules/nunjucks/src/lib.js:32:11)
    at Template.render (/www/wwwroot/wiki/node_modules/nunjucks/src/environment.js:442:21)
    at Environment.renderString (/www/wwwroot/wiki/node_modules/nunjucks/src/environment.js:313:17)
    at Promise.apply (/www/wwwroot/wiki/node_modules/q/q.js:1185:26)
    at Promise.promise.promiseDispatch (/www/wwwroot/wiki/node_modules/q/q.js:808:41)
    at /www/wwwroot/wiki/node_modules/q/q.js:1411:14
    at runSingle (/www/wwwroot/wiki/node_modules/q/q.js:137:13)
    at flush (/www/wwwroot/wiki/node_modules/q/q.js:125:13)
    at process.processTicksAndRejections (node:internal/process/task_queues:77:11)
Template Rendering Error Template render error: (/www/wwwroot/wiki/math/数学建模/数学建模导论/CH4/第4章-复杂网络与图论模型.md) [Line 1129, Column 78]
  expected variable end
    at Object._prettifyError (/www/wwwroot/wiki/node_modules/nunjucks/src/lib.js:32:11)
    at Template.render (/www/wwwroot/wiki/node_modules/nunjucks/src/environment.js:442:21)
    at Environment.renderString (/www/wwwroot/wiki/node_modules/nunjucks/src/environment.js:313:17)
    at Promise.apply (/www/wwwroot/wiki/node_modules/q/q.js:1185:26)
    at Promise.promise.promiseDispatch (/www/wwwroot/wiki/node_modules/q/q.js:808:41)
    at /www/wwwroot/wiki/node_modules/q/q.js:1411:14
    at runSingle (/www/wwwroot/wiki/node_modules/q/q.js:137:13)
    at flush (/www/wwwroot/wiki/node_modules/q/q.js:125:13)
    at process.processTicksAndRejections (node:internal/process/task_queues:77:11)
Template Rendering Error Template render error: (/www/wwwroot/wiki/math/数学建模/数学建模导论/CH6/第六章-数据处理与拟合模型.md) [Line 162, Column 29]
  expected variable end
    at Object._prettifyError (/www/wwwroot/wiki/node_modules/nunjucks/src/lib.js:32:11)
    at Template.render (/www/wwwroot/wiki/node_modules/nunjucks/src/environment.js:442:21)
    at Environment.renderString (/www/wwwroot/wiki/node_modules/nunjucks/src/environment.js:313:17)
    at Promise.apply (/www/wwwroot/wiki/node_modules/q/q.js:1185:26)
    at Promise.promise.promiseDispatch (/www/wwwroot/wiki/node_modules/q/q.js:808:41)
    at /www/wwwroot/wiki/node_modules/q/q.js:1411:14
    at runSingle (/www/wwwroot/wiki/node_modules/q/q.js:137:13)
    at flush (/www/wwwroot/wiki/node_modules/q/q.js:125:13)
    at process.processTicksAndRejections (node:internal/process/task_queues:77:11)
Template Rendering Error Template render error: (/www/wwwroot/wiki/math/数学建模/数学建模导论/CH7/第7章-权重生成与评价模型.md) [Line 51, Column 12]
  unexpected token: }}
    at Object._prettifyError (/www/wwwroot/wiki/node_modules/nunjucks/src/lib.js:32:11)
    at Template.render (/www/wwwroot/wiki/node_modules/nunjucks/src/environment.js:442:21)
    at Environment.renderString (/www/wwwroot/wiki/node_modules/nunjucks/src/environment.js:313:17)
    at Promise.apply (/www/wwwroot/wiki/node_modules/q/q.js:1185:26)
    at Promise.promise.promiseDispatch (/www/wwwroot/wiki/node_modules/q/q.js:808:41)
    at /www/wwwroot/wiki/node_modules/q/q.js:1411:14
    at runSingle (/www/wwwroot/wiki/node_modules/q/q.js:137:13)
    at flush (/www/wwwroot/wiki/node_modules/q/q.js:125:13)
    at process.processTicksAndRejections (node:internal/process/task_queues:77:11)
Template Rendering Error Template render error: (/www/wwwroot/wiki/math/数学建模/数学建模导论/CH8/第8章-时间序列.md) [Line 117, Column 12]
  unexpected token: }}
    at Object._prettifyError (/www/wwwroot/wiki/node_modules/nunjucks/src/lib.js:32:11)
    at Template.render (/www/wwwroot/wiki/node_modules/nunjucks/src/environment.js:442:21)
    at Environment.renderString (/www/wwwroot/wiki/node_modules/nunjucks/src/environment.js:313:17)
    at Promise.apply (/www/wwwroot/wiki/node_modules/q/q.js:1185:26)
    at Promise.promise.promiseDispatch (/www/wwwroot/wiki/node_modules/q/q.js:808:41)
    at /www/wwwroot/wiki/node_modules/q/q.js:1411:14
    at runSingle (/www/wwwroot/wiki/node_modules/q/q.js:137:13)
    at flush (/www/wwwroot/wiki/node_modules/q/q.js:125:13)
    at process.processTicksAndRejections (node:internal/process/task_queues:77:11)
Template Rendering Error Template render error: (/www/wwwroot/wiki/math/数学建模/数学建模导论/CH9/第九章-机器学习与统计模型.md) [Line 22, Column 5]
  expected variable end
    at Object._prettifyError (/www/wwwroot/wiki/node_modules/nunjucks/src/lib.js:32:11)
    at Template.render (/www/wwwroot/wiki/node_modules/nunjucks/src/environment.js:442:21)
    at Environment.renderString (/www/wwwroot/wiki/node_modules/nunjucks/src/environment.js:313:17)
    at Promise.apply (/www/wwwroot/wiki/node_modules/q/q.js:1185:26)
    at Promise.promise.promiseDispatch (/www/wwwroot/wiki/node_modules/q/q.js:808:41)
    at /www/wwwroot/wiki/node_modules/q/q.js:1411:14
    at runSingle (/www/wwwroot/wiki/node_modules/q/q.js:137:13)
    at flush (/www/wwwroot/wiki/node_modules/q/q.js:125:13)
    at process.processTicksAndRejections (node:internal/process/task_queues:77:11)
Template render error: (/www/wwwroot/wiki/math/数学建模/数学建模导论/CH4/第4章-复杂网络与图论模型.md) [Line 1129, Column 78]
  expected variable end
    at Object._prettifyError (/www/wwwroot/wiki/node_modules/nunjucks/src/lib.js:32:11)
    at Template.render (/www/wwwroot/wiki/node_modules/nunjucks/src/environment.js:442:21)
    at Environment.renderString (/www/wwwroot/wiki/node_modules/nunjucks/src/environment.js:313:17)
    at Promise.apply (/www/wwwroot/wiki/node_modules/q/q.js:1185:26)
    at Promise.promise.promiseDispatch (/www/wwwroot/wiki/node_modules/q/q.js:808:41)
    at /www/wwwroot/wiki/node_modules/q/q.js:1411:14
    at runSingle (/www/wwwroot/wiki/node_modules/q/q.js:137:13)
    at flush (/www/wwwroot/wiki/node_modules/q/q.js:125:13)
    at process.processTicksAndRejections (node:internal/process/task_queues:77:11)

--- Error building math/数学建模/数学建模导论/CH8 ---
rendering error: Template render error: (/www/wwwroot/wiki/math/数学建模/数学建模导论/CH8/第8章-时间序列.md) [Line 117, Column 12]
  unexpected token: }}
    at Object._prettifyError (/www/wwwroot/wiki/node_modules/nunjucks/src/lib.js:32:11)
    at Template.render (/www/wwwroot/wiki/node_modules/nunjucks/src/environment.js:442:21)
    at Environment.renderString (/www/wwwroot/wiki/node_modules/nunjucks/src/environment.js:313:17)
    at Promise.apply (/www/wwwroot/wiki/node_modules/q/q.js:1185:26)
    at Promise.promise.promiseDispatch (/www/wwwroot/wiki/node_modules/q/q.js:808:41)
    at /www/wwwroot/wiki/node_modules/q/q.js:1411:14
    at runSingle (/www/wwwroot/wiki/node_modules/q/q.js:137:13)
    at flush (/www/wwwroot/wiki/node_modules/q/q.js:125:13)
    at process.processTicksAndRejections (node:internal/process/task_queues:77:11)
Template Rendering Error Template render error: (/www/wwwroot/wiki/math/数学建模/数学建模导论/CH8/第8章-时间序列.md) [Line 117, Column 12]
  unexpected token: }}
    at Object._prettifyError (/www/wwwroot/wiki/node_modules/nunjucks/src/lib.js:32:11)
    at Template.render (/www/wwwroot/wiki/node_modules/nunjucks/src/environment.js:442:21)
    at Environment.renderString (/www/wwwroot/wiki/node_modules/nunjucks/src/environment.js:313:17)
    at Promise.apply (/www/wwwroot/wiki/node_modules/q/q.js:1185:26)
    at Promise.promise.promiseDispatch (/www/wwwroot/wiki/node_modules/q/q.js:808:41)
    at /www/wwwroot/wiki/node_modules/q/q.js:1411:14
    at runSingle (/www/wwwroot/wiki/node_modules/q/q.js:137:13)
    at flush (/www/wwwroot/wiki/node_modules/q/q.js:125:13)
    at process.processTicksAndRejections (node:internal/process/task_queues:77:11)
Template render error: (/www/wwwroot/wiki/math/数学建模/数学建模导论/CH8/第8章-时间序列.md) [Line 117, Column 12]
  unexpected token: }}
    at Object._prettifyError (/www/wwwroot/wiki/node_modules/nunjucks/src/lib.js:32:11)
    at Template.render (/www/wwwroot/wiki/node_modules/nunjucks/src/environment.js:442:21)
    at Environment.renderString (/www/wwwroot/wiki/node_modules/nunjucks/src/environment.js:313:17)
    at Promise.apply (/www/wwwroot/wiki/node_modules/q/q.js:1185:26)
    at Promise.promise.promiseDispatch (/www/wwwroot/wiki/node_modules/q/q.js:808:41)
    at /www/wwwroot/wiki/node_modules/q/q.js:1411:14
    at runSingle (/www/wwwroot/wiki/node_modules/q/q.js:137:13)
    at flush (/www/wwwroot/wiki/node_modules/q/q.js:125:13)
    at process.processTicksAndRejections (node:internal/process/task_queues:77:11)

--- Error building math/数学建模/数学建模导论/CH7 ---
rendering error: Template render error: (/www/wwwroot/wiki/math/数学建模/数学建模导论/CH7/第7章-权重生成与评价模型.md) [Line 51, Column 12]
  unexpected token: }}
    at Object._prettifyError (/www/wwwroot/wiki/node_modules/nunjucks/src/lib.js:32:11)
    at Template.render (/www/wwwroot/wiki/node_modules/nunjucks/src/environment.js:442:21)
    at Environment.renderString (/www/wwwroot/wiki/node_modules/nunjucks/src/environment.js:313:17)
    at Promise.apply (/www/wwwroot/wiki/node_modules/q/q.js:1185:26)
    at Promise.promise.promiseDispatch (/www/wwwroot/wiki/node_modules/q/q.js:808:41)
    at /www/wwwroot/wiki/node_modules/q/q.js:1411:14
    at runSingle (/www/wwwroot/wiki/node_modules/q/q.js:137:13)
    at flush (/www/wwwroot/wiki/node_modules/q/q.js:125:13)
    at process.processTicksAndRejections (node:internal/process/task_queues:77:11)
Template Rendering Error Template render error: (/www/wwwroot/wiki/math/数学建模/数学建模导论/CH7/第7章-权重生成与评价模型.md) [Line 51, Column 12]
  unexpected token: }}
    at Object._prettifyError (/www/wwwroot/wiki/node_modules/nunjucks/src/lib.js:32:11)
    at Template.render (/www/wwwroot/wiki/node_modules/nunjucks/src/environment.js:442:21)
    at Environment.renderString (/www/wwwroot/wiki/node_modules/nunjucks/src/environment.js:313:17)
    at Promise.apply (/www/wwwroot/wiki/node_modules/q/q.js:1185:26)
    at Promise.promise.promiseDispatch (/www/wwwroot/wiki/node_modules/q/q.js:808:41)
    at /www/wwwroot/wiki/node_modules/q/q.js:1411:14
    at runSingle (/www/wwwroot/wiki/node_modules/q/q.js:137:13)
    at flush (/www/wwwroot/wiki/node_modules/q/q.js:125:13)
    at process.processTicksAndRejections (node:internal/process/task_queues:77:11)
Template render error: (/www/wwwroot/wiki/math/数学建模/数学建模导论/CH7/第7章-权重生成与评价模型.md) [Line 51, Column 12]
  unexpected token: }}
    at Object._prettifyError (/www/wwwroot/wiki/node_modules/nunjucks/src/lib.js:32:11)
    at Template.render (/www/wwwroot/wiki/node_modules/nunjucks/src/environment.js:442:21)
    at Environment.renderString (/www/wwwroot/wiki/node_modules/nunjucks/src/environment.js:313:17)
    at Promise.apply (/www/wwwroot/wiki/node_modules/q/q.js:1185:26)
    at Promise.promise.promiseDispatch (/www/wwwroot/wiki/node_modules/q/q.js:808:41)
    at /www/wwwroot/wiki/node_modules/q/q.js:1411:14
    at runSingle (/www/wwwroot/wiki/node_modules/q/q.js:137:13)
    at flush (/www/wwwroot/wiki/node_modules/q/q.js:125:13)
    at process.processTicksAndRejections (node:internal/process/task_queues:77:11)

--- Error building math/数学建模/数学建模导论/CH4 ---
rendering error: Template render error: (/www/wwwroot/wiki/math/数学建模/数学建模导论/CH4/第4章-复杂网络与图论模型.md) [Line 1129, Column 78]
  expected variable end
    at Object._prettifyError (/www/wwwroot/wiki/node_modules/nunjucks/src/lib.js:32:11)
    at Template.render (/www/wwwroot/wiki/node_modules/nunjucks/src/environment.js:442:21)
    at Environment.renderString (/www/wwwroot/wiki/node_modules/nunjucks/src/environment.js:313:17)
    at Promise.apply (/www/wwwroot/wiki/node_modules/q/q.js:1185:26)
    at Promise.promise.promiseDispatch (/www/wwwroot/wiki/node_modules/q/q.js:808:41)
    at /www/wwwroot/wiki/node_modules/q/q.js:1411:14
    at runSingle (/www/wwwroot/wiki/node_modules/q/q.js:137:13)
    at flush (/www/wwwroot/wiki/node_modules/q/q.js:125:13)
    at process.processTicksAndRejections (node:internal/process/task_queues:77:11)
Template Rendering Error Template render error: (/www/wwwroot/wiki/math/数学建模/数学建模导论/CH4/第4章-复杂网络与图论模型.md) [Line 1129, Column 78]
  expected variable end
    at Object._prettifyError (/www/wwwroot/wiki/node_modules/nunjucks/src/lib.js:32:11)
    at Template.render (/www/wwwroot/wiki/node_modules/nunjucks/src/environment.js:442:21)
    at Environment.renderString (/www/wwwroot/wiki/node_modules/nunjucks/src/environment.js:313:17)
    at Promise.apply (/www/wwwroot/wiki/node_modules/q/q.js:1185:26)
    at Promise.promise.promiseDispatch (/www/wwwroot/wiki/node_modules/q/q.js:808:41)
    at /www/wwwroot/wiki/node_modules/q/q.js:1411:14
    at runSingle (/www/wwwroot/wiki/node_modules/q/q.js:137:13)
    at flush (/www/wwwroot/wiki/node_modules/q/q.js:125:13)
    at process.processTicksAndRejections (node:internal/process/task_queues:77:11)
Template render error: (/www/wwwroot/wiki/math/数学建模/数学建模导论/CH4/第4章-复杂网络与图论模型.md) [Line 1129, Column 78]
  expected variable end
    at Object._prettifyError (/www/wwwroot/wiki/node_modules/nunjucks/src/lib.js:32:11)
    at Template.render (/www/wwwroot/wiki/node_modules/nunjucks/src/environment.js:442:21)
    at Environment.renderString (/www/wwwroot/wiki/node_modules/nunjucks/src/environment.js:313:17)
    at Promise.apply (/www/wwwroot/wiki/node_modules/q/q.js:1185:26)
    at Promise.promise.promiseDispatch (/www/wwwroot/wiki/node_modules/q/q.js:808:41)
    at /www/wwwroot/wiki/node_modules/q/q.js:1411:14
    at runSingle (/www/wwwroot/wiki/node_modules/q/q.js:137:13)
    at flush (/www/wwwroot/wiki/node_modules/q/q.js:125:13)
    at process.processTicksAndRejections (node:internal/process/task_queues:77:11)

--- Error building math/数学建模/数学建模导论/CH6 ---
rendering error: Template render error: (/www/wwwroot/wiki/math/数学建模/数学建模导论/CH6/第六章-数据处理与拟合模型.md) [Line 162, Column 29]
  expected variable end
    at Object._prettifyError (/www/wwwroot/wiki/node_modules/nunjucks/src/lib.js:32:11)
    at Template.render (/www/wwwroot/wiki/node_modules/nunjucks/src/environment.js:442:21)
    at Environment.renderString (/www/wwwroot/wiki/node_modules/nunjucks/src/environment.js:313:17)
    at Promise.apply (/www/wwwroot/wiki/node_modules/q/q.js:1185:26)
    at Promise.promise.promiseDispatch (/www/wwwroot/wiki/node_modules/q/q.js:808:41)
    at /www/wwwroot/wiki/node_modules/q/q.js:1411:14
    at runSingle (/www/wwwroot/wiki/node_modules/q/q.js:137:13)
    at flush (/www/wwwroot/wiki/node_modules/q/q.js:125:13)
    at process.processTicksAndRejections (node:internal/process/task_queues:77:11)
Template Rendering Error Template render error: (/www/wwwroot/wiki/math/数学建模/数学建模导论/CH6/第六章-数据处理与拟合模型.md) [Line 162, Column 29]
  expected variable end
    at Object._prettifyError (/www/wwwroot/wiki/node_modules/nunjucks/src/lib.js:32:11)
    at Template.render (/www/wwwroot/wiki/node_modules/nunjucks/src/environment.js:442:21)
    at Environment.renderString (/www/wwwroot/wiki/node_modules/nunjucks/src/environment.js:313:17)
    at Promise.apply (/www/wwwroot/wiki/node_modules/q/q.js:1185:26)
    at Promise.promise.promiseDispatch (/www/wwwroot/wiki/node_modules/q/q.js:808:41)
    at /www/wwwroot/wiki/node_modules/q/q.js:1411:14
    at runSingle (/www/wwwroot/wiki/node_modules/q/q.js:137:13)
    at flush (/www/wwwroot/wiki/node_modules/q/q.js:125:13)
    at process.processTicksAndRejections (node:internal/process/task_queues:77:11)
Template render error: (/www/wwwroot/wiki/math/数学建模/数学建模导论/CH6/第六章-数据处理与拟合模型.md) [Line 162, Column 29]
  expected variable end
    at Object._prettifyError (/www/wwwroot/wiki/node_modules/nunjucks/src/lib.js:32:11)
    at Template.render (/www/wwwroot/wiki/node_modules/nunjucks/src/environment.js:442:21)
    at Environment.renderString (/www/wwwroot/wiki/node_modules/nunjucks/src/environment.js:313:17)
    at Promise.apply (/www/wwwroot/wiki/node_modules/q/q.js:1185:26)
    at Promise.promise.promiseDispatch (/www/wwwroot/wiki/node_modules/q/q.js:808:41)
    at /www/wwwroot/wiki/node_modules/q/q.js:1411:14
    at runSingle (/www/wwwroot/wiki/node_modules/q/q.js:137:13)
    at flush (/www/wwwroot/wiki/node_modules/q/q.js:125:13)
    at process.processTicksAndRejections (node:internal/process/task_queues:77:11)

--- Error building math/数学建模/数学建模导论/CH9 ---
rendering error: Template render error: (/www/wwwroot/wiki/math/数学建模/数学建模导论/CH9/第九章-机器学习与统计模型.md) [Line 22, Column 5]
  expected variable end
    at Object._prettifyError (/www/wwwroot/wiki/node_modules/nunjucks/src/lib.js:32:11)
    at Template.render (/www/wwwroot/wiki/node_modules/nunjucks/src/environment.js:442:21)
    at Environment.renderString (/www/wwwroot/wiki/node_modules/nunjucks/src/environment.js:313:17)
    at Promise.apply (/www/wwwroot/wiki/node_modules/q/q.js:1185:26)
    at Promise.promise.promiseDispatch (/www/wwwroot/wiki/node_modules/q/q.js:808:41)
    at /www/wwwroot/wiki/node_modules/q/q.js:1411:14
    at runSingle (/www/wwwroot/wiki/node_modules/q/q.js:137:13)
    at flush (/www/wwwroot/wiki/node_modules/q/q.js:125:13)
    at process.processTicksAndRejections (node:internal/process/task_queues:77:11)
Template Rendering Error Template render error: (/www/wwwroot/wiki/math/数学建模/数学建模导论/CH9/第九章-机器学习与统计模型.md) [Line 22, Column 5]
  expected variable end
    at Object._prettifyError (/www/wwwroot/wiki/node_modules/nunjucks/src/lib.js:32:11)
    at Template.render (/www/wwwroot/wiki/node_modules/nunjucks/src/environment.js:442:21)
    at Environment.renderString (/www/wwwroot/wiki/node_modules/nunjucks/src/environment.js:313:17)
    at Promise.apply (/www/wwwroot/wiki/node_modules/q/q.js:1185:26)
    at Promise.promise.promiseDispatch (/www/wwwroot/wiki/node_modules/q/q.js:808:41)
    at /www/wwwroot/wiki/node_modules/q/q.js:1411:14
    at runSingle (/www/wwwroot/wiki/node_modules/q/q.js:137:13)
    at flush (/www/wwwroot/wiki/node_modules/q/q.js:125:13)
    at process.processTicksAndRejections (node:internal/process/task_queues:77:11)
Template render error: (/www/wwwroot/wiki/math/数学建模/数学建模导论/CH9/第九章-机器学习与统计模型.md) [Line 22, Column 5]
  expected variable end
    at Object._prettifyError (/www/wwwroot/wiki/node_modules/nunjucks/src/lib.js:32:11)
    at Template.render (/www/wwwroot/wiki/node_modules/nunjucks/src/environment.js:442:21)
    at Environment.renderString (/www/wwwroot/wiki/node_modules/nunjucks/src/environment.js:313:17)
    at Promise.apply (/www/wwwroot/wiki/node_modules/q/q.js:1185:26)
    at Promise.promise.promiseDispatch (/www/wwwroot/wiki/node_modules/q/q.js:808:41)
    at /www/wwwroot/wiki/node_modules/q/q.js:1411:14
    at runSingle (/www/wwwroot/wiki/node_modules/q/q.js:137:13)
    at flush (/www/wwwroot/wiki/node_modules/q/q.js:125:13)
    at process.processTicksAndRejections (node:internal/process/task_queues:77:11)

